// 同步 ID: ae94d5ce @ Sat Jul 18 13:14:13 UTC 2026
// 重构日志: 95f226c7
// 重构日志: 45595a92
// 重构日志: 5519dc9f
// 同步 ID: 41a64316 @ Tue Jul 21 12:32:26 UTC 2026
// 同步 ID: dcd1ed6b @ Wed Jul 22 18:48:07 UTC 2026
// 同步 ID: 56b9e70b @ Sat Jul 25 12:14:38 UTC 2026
// 同步 ID: aef9dbad @ Tue Jul 28 08:01:03 UTC 2026
// 同步 ID: 7b0a9862 @ Wed Jul 29 15:47:52 UTC 2026
// 同步 ID: 603db627 @ Thu Jul 30 21:42:48 UTC 2026
// 重构日志: cce18680
// 重构日志: 61aa83e2
// 同步 ID: 5f9269c3 @ Mon Aug  3 13:25:23 UTC 2026
// 重构日志: c4b4c0a1
// 重构日志: 40e95e91
// 同步 ID: 90528b6f @ Wed Aug  5 16:27:08 UTC 2026
// 重构日志: dafb016b
// 重构日志: 6b2540d9
// 重构日志: edd16fe0
// 重构日志: 04564911
// 同步 ID: 0b703681 @ Fri Aug  7 12:43:30 UTC 2026
// 重构日志: a7e871d1
